main.c:103:6:HAL_TIM_PeriodElapsedCallback	16	static
main.c:121:6:HAL_UART_RxCpltCallback	16	static
main.c:156:6:HAL_UART_TxCpltCallback	16	static
main.c:163:6:HAL_CAN_RxFifo0MsgPendingCallback	16	static
main.c:187:6:initCanFilter	48	static
main.c:208:6:initGyro	16	static
main.c:253:6:transCAN	40	static
main.c:269:9:selectMode	16	static
main.c:294:6:showMode	16	static
main.c:307:5:__io_putchar	24	static
main.c:322:5:main	8	static
main.c:447:6:SystemClock_Config	88	static
main.c:488:6:initFriction	8	static
main.c:505:6:Error_Handler	4	static
