main.c:99:6:HAL_TIM_PeriodElapsedCallback	16	static
main.c:111:6:HAL_UART_RxCpltCallback	16	static
main.c:146:6:HAL_UART_TxCpltCallback	16	static
main.c:153:6:HAL_CAN_RxFifo0MsgPendingCallback	16	static
main.c:177:6:initCanFilter	48	static
main.c:198:6:initGyro	16	static
main.c:243:6:transCAN	40	static
main.c:259:9:selectMode	16	static
main.c:285:6:showMode	16	static
main.c:298:5:__io_putchar	24	static
main.c:313:5:main	8	static
main.c:434:6:SystemClock_Config	88	static
main.c:482:6:Error_Handler	4	static
